{"type":"server-started","port":61162,"host":"127.0.0.1","url_host":"localhost","url":"http://localhost:61162","screen_dir":"/Users/yay/Desktop/project/AI/3dModel/.superpowers/brainstorm/26874-1774263620"}
{"type":"screen-added","file":"/Users/yay/Desktop/project/AI/3dModel/.superpowers/brainstorm/26874-1774263620/context-question.html"}
{"source":"user-event","type":"click","text":"D\n    \n      其他 / 更复杂\n      以上都不完全对，在终端里告诉我具体场景","choice":"d","id":null,"timestamp":1774263756125}
{"source":"user-event","type":"click","text":"D\n    \n      其他 / 更复杂\n      以上都不完全对，在终端里告诉我具体场景","choice":"d","id":null,"timestamp":1774263766992}
{"source":"user-event","type":"click","text":"D\n    \n      其他 / 更复杂\n      以上都不完全对，在终端里告诉我具体场景","choice":"d","id":null,"timestamp":1774263816135}
{"type":"screen-added","file":"/Users/yay/Desktop/project/AI/3dModel/.superpowers/brainstorm/26874-1774263620/waiting-1.html"}
{"type":"screen-added","file":"/Users/yay/Desktop/project/AI/3dModel/.superpowers/brainstorm/26874-1774263620/tech-stack.html"}
{"source":"user-event","type":"click","text":"A\n    \n      Next.js + React Three Fiber\n      Three.js 的 React 封装，组件化思维操作 3D 场景。生态最成熟，文档丰富，TypeScript 支持好。推荐选项。","choice":"a","id":null,"timestamp":1774264000275}
{"source":"user-event","type":"click","text":"A\n    \n      Next.js + React Three Fiber\n      Three.js 的 React 封装，组件化思维操作 3D 场景。生态最成熟，文档丰富，TypeScript 支持好。推荐选项。","choice":"a","id":null,"timestamp":1774264006113}
{"source":"user-event","type":"click","text":"A\n    \n      Next.js + React Three Fiber\n      Three.js 的 React 封装，组件化思维操作 3D 场景。生态最成熟，文档丰富，TypeScript 支持好。推荐选项。","choice":"a","id":null,"timestamp":1774264006492}
{"source":"user-event","type":"click","text":"A\n    \n      Next.js + React Three Fiber\n      Three.js 的 React 封装，组件化思维操作 3D 场景。生态最成熟，文档丰富，TypeScript 支持好。推荐选项。","choice":"a","id":null,"timestamp":1774264006651}
{"source":"user-event","type":"click","text":"A\n    \n      Next.js + React Three Fiber\n      Three.js 的 React 封装，组件化思维操作 3D 场景。生态最成熟，文档丰富，TypeScript 支持好。推荐选项。","choice":"a","id":null,"timestamp":1774264006852}
{"source":"user-event","type":"click","text":"A\n    \n      Next.js + React Three Fiber\n      Three.js 的 React 封装，组件化思维操作 3D 场景。生态最成熟，文档丰富，TypeScript 支持好。推荐选项。","choice":"a","id":null,"timestamp":1774264007272}
{"source":"user-event","type":"click","text":"A\n    \n      Next.js + React Three Fiber\n      Three.js 的 React 封装，组件化思维操作 3D 场景。生态最成熟，文档丰富，TypeScript 支持好。推荐选项。","choice":"a","id":null,"timestamp":1774264007902}
{"source":"user-event","type":"click","text":"A\n    \n      Next.js + React Three Fiber\n      Three.js 的 React 封装，组件化思维操作 3D 场景。生态最成熟，文档丰富，TypeScript 支持好。推荐选项。","choice":"a","id":null,"timestamp":1774264019592}
{"source":"user-event","type":"click","text":"A\n    \n      Next.js + React Three Fiber\n      Three.js 的 React 封装，组件化思维操作 3D 场景。生态最成熟，文档丰富，TypeScript 支持好。推荐选项。","choice":"a","id":null,"timestamp":1774264046861}
{"source":"user-event","type":"click","text":"A\n    \n      Next.js + React Three Fiber\n      Three.js 的 React 封装，组件化思维操作 3D 场景。生态最成熟，文档丰富，TypeScript 支持好。推荐选项。","choice":"a","id":null,"timestamp":1774264053712}
{"type":"screen-added","file":"/Users/yay/Desktop/project/AI/3dModel/.superpowers/brainstorm/26874-1774263620/waiting-2.html"}
{"type":"screen-added","file":"/Users/yay/Desktop/project/AI/3dModel/.superpowers/brainstorm/26874-1774263620/layout-options.html"}
{"source":"user-event","type":"click","text":"组件库\n        \n        \n          \n            \n            \n            \n            \n          \n          3D 视口\n        \n        \n          属性面板\n          光轴长度\n          \n          层板材质\n          \n          尺寸 W×H×D\n          \n            \n            \n            \n          \n        \n      \n    \n    \n      A: 经典三栏（推荐）\n      左侧组件库（图标） | 中间 3D 视口 | 右侧属性面板。类似 Figma/Blender 布局，用户最熟悉。","choice":"a","id":null,"timestamp":1774264325854}
{"source":"user-event","type":"click","text":"组件库\n        \n        \n          \n            \n            \n            \n            \n          \n          3D 视口\n        \n        \n          属性面板\n          光轴长度\n          \n          层板材质\n          \n          尺寸 W×H×D\n          \n            \n            \n            \n          \n        \n      \n    \n    \n      A: 经典三栏（推荐）\n      左侧组件库（图标） | 中间 3D 视口 | 右侧属性面板。类似 Figma/Blender 布局，用户最熟悉。","choice":"a","id":null,"timestamp":1774264337646}
{"source":"user-event","type":"click","text":"组件库\n        \n        \n          \n            \n            \n            \n            \n          \n          3D 视口\n        \n        \n          属性面板\n          光轴长度\n          \n          层板材质\n          \n          尺寸 W×H×D\n          \n            \n            \n            \n          \n        \n      \n    \n    \n      A: 经典三栏（推荐）\n      左侧组件库（图标） | 中间 3D 视口 | 右侧属性面板。类似 Figma/Blender 布局，用户最熟悉。","choice":"a","id":null,"timestamp":1774264337805}
{"source":"user-event","type":"click","text":"组件库\n        \n        \n          \n            \n            \n            \n            \n          \n          3D 视口\n        \n        \n          属性面板\n          光轴长度\n          \n          层板材质\n          \n          尺寸 W×H×D\n          \n            \n            \n            \n          \n        \n      \n    \n    \n      A: 经典三栏（推荐）\n      左侧组件库（图标） | 中间 3D 视口 | 右侧属性面板。类似 Figma/Blender 布局，用户最熟悉。","choice":"a","id":null,"timestamp":1774264337963}
{"source":"user-event","type":"click","text":"组件库\n        \n        \n          \n            \n            \n            \n            \n          \n          3D 视口\n        \n        \n          属性面板\n          光轴长度\n          \n          层板材质\n          \n          尺寸 W×H×D\n          \n            \n            \n            \n          \n        \n      \n    \n    \n      A: 经典三栏（推荐）\n      左侧组件库（图标） | 中间 3D 视口 | 右侧属性面板。类似 Figma/Blender 布局，用户最熟悉。","choice":"a","id":null,"timestamp":1774264338113}
{"source":"user-event","type":"click","text":"组件库\n        \n        \n          \n            \n            \n            \n            \n          \n          3D 视口\n        \n        \n          属性面板\n          光轴长度\n          \n          层板材质\n          \n          尺寸 W×H×D\n          \n            \n            \n            \n          \n        \n      \n    \n    \n      A: 经典三栏（推荐）\n      左侧组件库（图标） | 中间 3D 视口 | 右侧属性面板。类似 Figma/Blender 布局，用户最熟悉。","choice":"a","id":null,"timestamp":1774264338279}
{"source":"user-event","type":"click","text":"组件库\n        \n        \n          \n            \n            \n            \n            \n          \n          3D 视口\n        \n        \n          属性面板\n          光轴长度\n          \n          层板材质\n          \n          尺寸 W×H×D\n          \n            \n            \n            \n          \n        \n      \n    \n    \n      A: 经典三栏（推荐）\n      左侧组件库（图标） | 中间 3D 视口 | 右侧属性面板。类似 Figma/Blender 布局，用户最熟悉。","choice":"a","id":null,"timestamp":1774264341992}
{"source":"user-event","type":"click","text":"组件库\n        \n        \n          \n            \n            \n            \n            \n          \n          3D 视口\n        \n        \n          属性面板\n          光轴长度\n          \n          层板材质\n          \n          尺寸 W×H×D\n          \n            \n            \n            \n          \n        \n      \n    \n    \n      A: 经典三栏（推荐）\n      左侧组件库（图标） | 中间 3D 视口 | 右侧属性面板。类似 Figma/Blender 布局，用户最熟悉。","choice":"a","id":null,"timestamp":1774264342203}
{"source":"user-event","type":"click","text":"组件库\n        \n        \n          \n            \n            \n            \n            \n          \n          3D 视口\n        \n        \n          属性面板\n          光轴长度\n          \n          层板材质\n          \n          尺寸 W×H×D\n          \n            \n            \n            \n          \n        \n      \n    \n    \n      A: 经典三栏（推荐）\n      左侧组件库（图标） | 中间 3D 视口 | 右侧属性面板。类似 Figma/Blender 布局，用户最熟悉。","choice":"a","id":null,"timestamp":1774264342413}
{"type":"server-stopped","reason":"idle timeout"}
